// Jest Snapshot v1, https://goo.gl/fbAQLP

exports[`Renders main page correctly 1`] = `
<div>
  <main
    class="App"
  >
    <article>
      <section
        class="hero"
      >
        <header>
          <section
            class="filters"
          >
            <div
              class="wrapper-filter"
            >
              <input
                placeholder="Search City"
                type="text"
                value=""
              />
              <button
                type="button"
              >
                All places
              </button>
            </div>
          </section>
          <h1
            class="hero-title"
          >
            World 
            <span
              class="bold"
            >
              Weather
            </span>
          </h1>
        </header>
        <section
          class="cards"
        >
          <div
            class="row"
          >
            <div
              class="card active"
            >
              <div
                class="wrapper-image-card"
              >
                <img
                  alt="Berlin"
                  src="/images/berlin.webp"
                />
              </div>
              <p
                class="card-title"
              >
                Berlin
                , 
                Germany
              </p>
            </div>
            <div
              class="card "
            >
              <div
                class="wrapper-image-card"
              >
                <img
                  alt="Paris"
                  src="/images/paris.webp"
                />
              </div>
              <p
                class="card-title"
              >
                Paris
                , 
                France
              </p>
            </div>
            <div
              class="card "
            >
              <div
                class="wrapper-image-card"
              >
                <img
                  alt="Porto"
                  src="/images/porto.webp"
                />
              </div>
              <p
                class="card-title"
              >
                Porto
                , 
                Portugal
              </p>
            </div>
            <div
              class="card "
            >
              <div
                class="wrapper-image-card"
              >
                <img
                  alt="London"
                  src="/images/london.webp"
                />
              </div>
              <p
                class="card-title"
              >
                London
                , 
                England
              </p>
            </div>
            <div
              class="card "
            >
              <div
                class="wrapper-image-card"
              >
                <img
                  alt="Tokyo"
                  src="/images/tokyo.webp"
                />
              </div>
              <p
                class="card-title"
              >
                Tokyo
                , 
                Japan
              </p>
            </div>
            <div
              class="card "
            >
              <div
                class="wrapper-image-card"
              >
                <img
                  alt="Madrid"
                  src="/images/madrid.webp"
                />
              </div>
              <p
                class="card-title"
              >
                Madrid
                , 
                Spain
              </p>
            </div>
            <div
              class="card "
            >
              <div
                class="wrapper-image-card"
              >
                <img
                  alt="Rome"
                  src="/images/rome.webp"
                />
              </div>
              <p
                class="card-title"
              >
                Rome
                , 
                Italy
              </p>
            </div>
            <div
              class="card "
            >
              <div
                class="wrapper-image-card"
              >
                <img
                  alt="Jerusalem"
                  src="/images/jerusalem.webp"
                />
              </div>
              <p
                class="card-title"
              >
                Jerusalem
                , 
                Israel
              </p>
            </div>
          </div>
        </section>
      </section>
      <aside>
        <header>
          <ul>
            <li>
              <label
                class="toggle-wrapper"
                for="toggle"
                tabindex="0"
              >
                <div
                  class="toggle disabled"
                >
                  <input
                    id="toggle"
                    name="toggle"
                    type="checkbox"
                  />
                  <div
                    class="toggle-selector"
                  >
                    <div
                      class="wrapper-icons"
                    >
                      <svg
                        class="sun"
                        fill="#E9E9E9"
                        height="24"
                        viewBox="0 0 24 24"
                        width="24"
                        xmlns="http://www.w3.org/2000/svg"
                      >
                        <path
                          d="M6.995 12C6.995 14.761 9.241 17.007 12.002 17.007C14.763 17.007 17.009 14.761 17.009 12C17.009 9.239 14.763 6.993 12.002 6.993C9.241 6.993 6.995 9.239 6.995 12ZM11 19H13V22H11V19ZM11 2H13V5H11V2ZM2 11H5V13H2V11ZM19 11H22V13H19V11Z"
                        />
                        <path
                          d="M5.63702 19.778L4.22302 18.364L6.34402 16.243L7.75802 17.657L5.63702 19.778Z"
                        />
                        <path
                          d="M16.242 6.34405L18.364 4.22205L19.778 5.63605L17.656 7.75805L16.242 6.34405Z"
                        />
                        <path
                          d="M6.34402 7.75902L4.22302 5.63702L5.63802 4.22302L7.75802 6.34502L6.34402 7.75902Z"
                        />
                        <path
                          d="M19.778 18.3639L18.364 19.7779L16.242 17.6559L17.656 16.2419L19.778 18.3639Z"
                        />
                      </svg>
                    </div>
                  </div>
                </div>
              </label>
            </li>
            <li>
              <a>
                Notifications 
                <span
                  class="alerts"
                >
                  3
                </span>
              </a>
            </li>
            <li>
              <a>
                Places
              </a>
            </li>
          </ul>
          <div
            class="user-avatar"
          />
        </header>
      </aside>
    </article>
    <footer>
      <p>
        Made with ❤️ by 
        <a
          href="https://palmeida.netlify.app"
        >
          Philipe Almeida
        </a>
         
      </p>
    </footer>
  </main>
</div>
`;
